### mixed model (q1exp-q8rest, 2.1G), dual-GPU layer split
--- ncmoe=0 ---
ggml_cuda_init: found 2 ROCm devices (Total VRAM: 40928 MiB):
  Device 0: AMD Radeon RX 7900 XT, gfx1100 (0x1100), VMM: no, Wave Size: 32, VRAM: 20464 MiB
  Device 1: AMD Radeon RX 7900 XT, gfx1100 (0x1100), VMM: no, Wave Size: 32, VRAM: 20464 MiB
| model                          |       size |     params | backend    | ngl |            test |                  t/s |
| ------------------------------ | ---------: | ---------: | ---------- | --: | --------------: | -------------------: |
| olmoe A1.7B Q1_0_g128 - 2.125 bpw ternary |   2.07 GiB |     6.92 B | ROCm       |  99 |           pp512 |      3144.52 ± 79.61 |
| olmoe A1.7B Q1_0_g128 - 2.125 bpw ternary |   2.07 GiB |     6.92 B | ROCm       |  99 |           tg128 |        188.26 ± 3.47 |

build: 53388d74a (10784)
--- ncmoe=4 ---
ggml_cuda_init: found 2 ROCm devices (Total VRAM: 40928 MiB):
  Device 0: AMD Radeon RX 7900 XT, gfx1100 (0x1100), VMM: no, Wave Size: 32, VRAM: 20464 MiB
  Device 1: AMD Radeon RX 7900 XT, gfx1100 (0x1100), VMM: no, Wave Size: 32, VRAM: 20464 MiB
| model                          |       size |     params | backend    | ngl |  n_cpu_moe |            test |                  t/s |
| ------------------------------ | ---------: | ---------: | ---------- | --: | ---------: | --------------: | -------------------: |
| olmoe A1.7B Q1_0_g128 - 2.125 bpw ternary |   2.07 GiB |     6.92 B | ROCm       |  99 |          4 |           pp512 |     2600.94 ± 351.28 |
| olmoe A1.7B Q1_0_g128 - 2.125 bpw ternary |   2.07 GiB |     6.92 B | ROCm       |  99 |          4 |           tg128 |        145.46 ± 4.12 |

build: 53388d74a (10784)
--- ncmoe=8 ---
ggml_cuda_init: found 2 ROCm devices (Total VRAM: 40928 MiB):
  Device 0: AMD Radeon RX 7900 XT, gfx1100 (0x1100), VMM: no, Wave Size: 32, VRAM: 20464 MiB
  Device 1: AMD Radeon RX 7900 XT, gfx1100 (0x1100), VMM: no, Wave Size: 32, VRAM: 20464 MiB
| model                          |       size |     params | backend    | ngl |  n_cpu_moe |            test |                  t/s |
| ------------------------------ | ---------: | ---------: | ---------- | --: | ---------: | --------------: | -------------------: |
| olmoe A1.7B Q1_0_g128 - 2.125 bpw ternary |   2.07 GiB |     6.92 B | ROCm       |  99 |          8 |           pp512 |     2349.70 ± 148.00 |
| olmoe A1.7B Q1_0_g128 - 2.125 bpw ternary |   2.07 GiB |     6.92 B | ROCm       |  99 |          8 |           tg128 |        122.69 ± 3.61 |

build: 53388d74a (10784)
--- ncmoe=12 ---
ggml_cuda_init: found 2 ROCm devices (Total VRAM: 40928 MiB):
  Device 0: AMD Radeon RX 7900 XT, gfx1100 (0x1100), VMM: no, Wave Size: 32, VRAM: 20464 MiB
  Device 1: AMD Radeon RX 7900 XT, gfx1100 (0x1100), VMM: no, Wave Size: 32, VRAM: 20464 MiB
| model                          |       size |     params | backend    | ngl |  n_cpu_moe |            test |                  t/s |
| ------------------------------ | ---------: | ---------: | ---------- | --: | ---------: | --------------: | -------------------: |
| olmoe A1.7B Q1_0_g128 - 2.125 bpw ternary |   2.07 GiB |     6.92 B | ROCm       |  99 |         12 |           pp512 |      2169.51 ± 99.70 |
| olmoe A1.7B Q1_0_g128 - 2.125 bpw ternary |   2.07 GiB |     6.92 B | ROCm       |  99 |         12 |           tg128 |        108.02 ± 0.63 |

build: 53388d74a (10784)
--- ncmoe=16 ---
ggml_cuda_init: found 2 ROCm devices (Total VRAM: 40928 MiB):
  Device 0: AMD Radeon RX 7900 XT, gfx1100 (0x1100), VMM: no, Wave Size: 32, VRAM: 20464 MiB
  Device 1: AMD Radeon RX 7900 XT, gfx1100 (0x1100), VMM: no, Wave Size: 32, VRAM: 20464 MiB
| model                          |       size |     params | backend    | ngl |  n_cpu_moe |            test |                  t/s |
| ------------------------------ | ---------: | ---------: | ---------- | --: | ---------: | --------------: | -------------------: |
| olmoe A1.7B Q1_0_g128 - 2.125 bpw ternary |   2.07 GiB |     6.92 B | ROCm       |  99 |         16 |           pp512 |      2069.97 ± 77.29 |
| olmoe A1.7B Q1_0_g128 - 2.125 bpw ternary |   2.07 GiB |     6.92 B | ROCm       |  99 |         16 |           tg128 |         94.10 ± 3.43 |

build: 53388d74a (10784)
### mixed model, CPU-tail thread scaling at ncmoe=16
ggml_cuda_init: found 2 ROCm devices (Total VRAM: 40928 MiB):
  Device 0: AMD Radeon RX 7900 XT, gfx1100 (0x1100), VMM: no, Wave Size: 32, VRAM: 20464 MiB
  Device 1: AMD Radeon RX 7900 XT, gfx1100 (0x1100), VMM: no, Wave Size: 32, VRAM: 20464 MiB
| model                          |       size |     params | backend    | ngl |  n_cpu_moe | threads |            test |                  t/s |
| ------------------------------ | ---------: | ---------: | ---------- | --: | ---------: | ------: | --------------: | -------------------: |
| olmoe A1.7B Q1_0_g128 - 2.125 bpw ternary |   2.07 GiB |     6.92 B | ROCm       |  99 |         16 |      16 |           pp512 |     1999.16 ± 161.14 |
| olmoe A1.7B Q1_0_g128 - 2.125 bpw ternary |   2.07 GiB |     6.92 B | ROCm       |  99 |         16 |      16 |           tg128 |         36.80 ± 4.23 |

build: 53388d74a (10784)
